// Jest Snapshot v1, https://goo.gl/fbAQLP

exports[`Grid Video, Grid Video Item <GridVideoItem /> should render without crashing 1`] = `
<div
  className="css-istpc4"
>
  <picture>
    <source
      media="(min-width: 1023.98px)"
      srcSet="https://yt3.ggpht.com/ytc/AAUvwnighSReQlmHl_S_vSfvnWBAG5Cw4A0YxtE0tm5OpQ=s800-c-k-c0xffffffff-no-rj-mo"
    />
    <img
      alt="Wizeline"
      loading="lazy"
      src="https://yt3.ggpht.com/ytc/AAUvwnighSReQlmHl_S_vSfvnWBAG5Cw4A0YxtE0tm5OpQ=s240-c-k-c0xffffffff-no-rj-mo"
    />
  </picture>
  <div
    className="content"
  >
    <h1>
      Wizeline
    </h1>
    <p>
      Wizeline transforms how teams build technology. Its customers accelerate the delivery of innovative products with proven solutions, which combine Wizeline's ...
    </p>
  </div>
</div>
`;
