// Jest Snapshot v1, https://goo.gl/fbAQLP

exports[`Button Shoul render a button that can contain multiply element 1`] = `
<button
  className="css-oaqt4x"
>
  <img
    alt="img"
    src={null}
  />
  <span>
    Img button
  </span>
</button>
`;
